FromProject	FromType	ToProject	ToType
ParentProject	ParentProject.Parent	ChildProject	ChildProject.ComplexChild
