FromProject	FromFile	FromType	ToProject	ToFile	ToType
ChildProject	/home/detoix/Software/CouplingAnalyzer/CouplingAnalyzer.Tests.Resources/ChildProject/Child.cs	ChildProject.VeryComplexChild	ChildProject	/home/detoix/Software/CouplingAnalyzer/CouplingAnalyzer.Tests.Resources/ChildProject/Child.cs	ChildProject.ComplexChild
ParentProject	/home/detoix/Software/CouplingAnalyzer/CouplingAnalyzer.Tests.Resources/ParentProject/OtherClasses.cs	ParentProject.Others.Test	ChildProject	/home/detoix/Software/CouplingAnalyzer/CouplingAnalyzer.Tests.Resources/ChildProject/Child.cs	ChildProject.ComplexChild
ParentProject	/home/detoix/Software/CouplingAnalyzer/CouplingAnalyzer.Tests.Resources/ParentProject/Parent.cs	ParentProject.Parent	ChildProject	/home/detoix/Software/CouplingAnalyzer/CouplingAnalyzer.Tests.Resources/ChildProject/Child.cs	ChildProject.ComplexChild
ParentProject	/home/detoix/Software/CouplingAnalyzer/CouplingAnalyzer.Tests.Resources/ParentProject/Parent.cs	ParentProject.Parent	ChildProject	/home/detoix/Software/CouplingAnalyzer/CouplingAnalyzer.Tests.Resources/ChildProject/Child.cs	ChildProject.VeryComplexChild
ParentProject	/home/detoix/Software/CouplingAnalyzer/CouplingAnalyzer.Tests.Resources/ParentProject/Parent.cs	ParentProject.IParent	ChildProject	/home/detoix/Software/CouplingAnalyzer/CouplingAnalyzer.Tests.Resources/ChildProject/Extensions.cs	ChildProject.Extensions.OtherChild
ParentProject	/home/detoix/Software/CouplingAnalyzer/CouplingAnalyzer.Tests.Resources/ParentProject/Parent.cs	ParentProject.ParentData	Unknown	Unknown	ChildProject.Extensions.Extensions
